{"type":"server-started","port":53255,"host":"127.0.0.1","url_host":"localhost","url":"http://localhost:53255","screen_dir":"/Users/lsy6234naver.com/Desktop/kalyx/.superpowers/brainstorm/82824-1781157567/content","state_dir":"/Users/lsy6234naver.com/Desktop/kalyx/.superpowers/brainstorm/82824-1781157567/state"}
{"type":"screen-added","file":"/Users/lsy6234naver.com/Desktop/kalyx/.superpowers/brainstorm/82824-1781157567/content/direction.html"}
{"source":"user-event","type":"click","text":"‹\n          June 2026\n          ›\n        \n        \n          SMTWTFS\n          31123456\n          78910111213\n          14151617181920\n          21222324252627\n        \n      \n    \n    \n      B. Aurora — Refined Brand (추천)\n      shadcn/Linear × Kalyx violet. 브랜드 #5b4fe1 유지, 격자선 제거, 셀렉션에 부드러운 그림자, today는 violet outline ring. 라이트·다크 둘 다 폴리시.\n      + 우리 브랜드 정체성 유지 + 현대적− 약간 더 디자인된 느낌","choice":"B","id":null,"timestamp":1781157831974}
{"type":"screen-added","file":"/Users/lsy6234naver.com/Desktop/kalyx/.superpowers/brainstorm/82824-1781157567/content/waiting.html"}
{"type":"screen-added","file":"/Users/lsy6234naver.com/Desktop/kalyx/.superpowers/brainstorm/82824-1781157567/content/aurora-system.html"}
{"type":"screen-updated","file":"/Users/lsy6234naver.com/Desktop/kalyx/.superpowers/brainstorm/82824-1781157567/content/aurora-system.html"}
{"type":"screen-updated","file":"/Users/lsy6234naver.com/Desktop/kalyx/.superpowers/brainstorm/82824-1781157567/content/aurora-system.html"}
{"type":"screen-added","file":"/Users/lsy6234naver.com/Desktop/kalyx/.superpowers/brainstorm/82824-1781157567/content/aurora-dark.html"}
{"type":"screen-updated","file":"/Users/lsy6234naver.com/Desktop/kalyx/.superpowers/brainstorm/82824-1781157567/content/aurora-dark.html"}
{"type":"screen-updated","file":"/Users/lsy6234naver.com/Desktop/kalyx/.superpowers/brainstorm/82824-1781157567/content/aurora-dark.html"}
{"type":"screen-added","file":"/Users/lsy6234naver.com/Desktop/kalyx/.superpowers/brainstorm/82824-1781157567/content/aurora-dark-v2.html"}
{"type":"screen-updated","file":"/Users/lsy6234naver.com/Desktop/kalyx/.superpowers/brainstorm/82824-1781157567/content/aurora-dark-v2.html"}
{"type":"screen-updated","file":"/Users/lsy6234naver.com/Desktop/kalyx/.superpowers/brainstorm/82824-1781157567/content/aurora-dark-v2.html"}
{"type":"screen-added","file":"/Users/lsy6234naver.com/Desktop/kalyx/.superpowers/brainstorm/82824-1781157567/content/aurora-v3.html"}
{"type":"screen-updated","file":"/Users/lsy6234naver.com/Desktop/kalyx/.superpowers/brainstorm/82824-1781157567/content/aurora-v3.html"}
{"type":"screen-updated","file":"/Users/lsy6234naver.com/Desktop/kalyx/.superpowers/brainstorm/82824-1781157567/content/aurora-v3.html"}
{"type":"screen-added","file":"/Users/lsy6234naver.com/Desktop/kalyx/.superpowers/brainstorm/82824-1781157567/content/aurora-v4.html"}
{"source":"user-event","type":"click","text":"✓\n    \n      OK — v4 락인. 컴포넌트 매핑 단계로\n      3가지 수정 통과. 다음은 어느 파일·어느 클래스에 어떻게 적용할지 매핑 표.","choice":"approve-v4","id":null,"timestamp":1781159464360}
{"source":"user-event","type":"click","text":"✓\n    \n      OK — v4 락인. 컴포넌트 매핑 단계로\n      3가지 수정 통과. 다음은 어느 파일·어느 클래스에 어떻게 적용할지 매핑 표.","choice":"approve-v4","id":null,"timestamp":1781159465103}
{"source":"user-event","type":"click","text":"~\n    \n      더 조정 (터미널에 알려줘)","choice":"more-tune","id":null,"timestamp":1781159466927}
{"type":"screen-added","file":"/Users/lsy6234naver.com/Desktop/kalyx/.superpowers/brainstorm/82824-1781157567/content/aurora-v5.html"}
{"type":"screen-updated","file":"/Users/lsy6234naver.com/Desktop/kalyx/.superpowers/brainstorm/82824-1781157567/content/aurora-v5.html"}
{"type":"screen-updated","file":"/Users/lsy6234naver.com/Desktop/kalyx/.superpowers/brainstorm/82824-1781157567/content/aurora-v5.html"}
{"type":"screen-added","file":"/Users/lsy6234naver.com/Desktop/kalyx/.superpowers/brainstorm/82824-1781157567/content/aurora-v6.html"}
{"type":"screen-updated","file":"/Users/lsy6234naver.com/Desktop/kalyx/.superpowers/brainstorm/82824-1781157567/content/aurora-v6.html"}
{"type":"screen-updated","file":"/Users/lsy6234naver.com/Desktop/kalyx/.superpowers/brainstorm/82824-1781157567/content/aurora-v6.html"}
{"type":"screen-added","file":"/Users/lsy6234naver.com/Desktop/kalyx/.superpowers/brainstorm/82824-1781157567/content/aurora-v7.html"}
{"type":"screen-updated","file":"/Users/lsy6234naver.com/Desktop/kalyx/.superpowers/brainstorm/82824-1781157567/content/aurora-v7.html"}
{"type":"screen-updated","file":"/Users/lsy6234naver.com/Desktop/kalyx/.superpowers/brainstorm/82824-1781157567/content/aurora-v7.html"}
{"type":"screen-added","file":"/Users/lsy6234naver.com/Desktop/kalyx/.superpowers/brainstorm/82824-1781157567/content/waiting-mapping.html"}
{"type":"screen-added","file":"/Users/lsy6234naver.com/Desktop/kalyx/.superpowers/brainstorm/82824-1781157567/content/waiting-plan.html"}
{"type":"server-stopped","reason":"idle timeout"}
